[1,2]<stdout>:test-nccl-worker-0:27:70 [2] NCCL INFO NET/OFI Libfabric provider associates MRs with domains
[1,4]<stdout>:test-nccl-worker-0:29:73 [4] NCCL INFO NET/OFI Libfabric provider associates MRs with domains
[1,10]<stdout>:test-nccl-worker-1:27:66 [2] NCCL INFO NET/OFI Libfabric provider associates MRs with domains
[1,12]<stdout>:test-nccl-worker-1:29:71 [4] NCCL INFO NET/OFI Libfabric provider associates MRs with domains
[1,2]<stdout>:test-nccl-worker-0:27:70 [2] NCCL INFO NET/OFI Libfabric provider associates MRs with domains
[1,4]<stdout>:test-nccl-worker-0:29:73 [4] NCCL INFO NET/OFI Libfabric provider associates MRs with domains
[1,12]<stdout>:test-nccl-worker-1:29:71 [4] NCCL INFO NET/OFI Libfabric provider associates MRs with domains
[1,10]<stdout>:test-nccl-worker-1:27:66 [2] NCCL INFO NET/OFI Libfabric provider associates MRs with domains
[1,2]<stdout>:test-nccl-worker-0:27:70 [2] NCCL INFO NET/OFI Libfabric provider associates MRs with domains
[1,4]<stdout>:test-nccl-worker-0:29:73 [4] NCCL INFO NET/OFI Libfabric provider associates MRs with domains
[1,10]<stdout>:test-nccl-worker-1:27:66 [2] NCCL INFO NET/OFI Libfabric provider associates MRs with domains
[1,2]<stdout>:test-nccl-worker-0:27:70 [2] NCCL INFO NET/OFI Libfabric provider associates MRs with domains
[1,10]<stdout>:test-nccl-worker-1:27:66 [2] NCCL INFO NET/OFI Libfabric provider associates MRs with domains
[1,4]<stdout>:test-nccl-worker-0:29:73 [4] NCCL INFO NET/OFI Libfabric provider associates MRs with domains
[1,4]<stdout>:test-nccl-worker-0:29:73 [4] NCCL INFO NET/OFI Libfabric provider associates MRs with domains
[1,10]<stdout>:test-nccl-worker-1:27:66 [2] NCCL INFO NET/OFI Libfabric provider associates MRs with domains
[1,2]<stdout>:test-nccl-worker-0:27:70 [2] NCCL INFO NET/OFI Libfabric provider associates MRs with domains
[1,4]<stdout>:test-nccl-worker-0:29:73 [4] NCCL INFO NET/OFI Libfabric provider associates MRs with domains
[1,2]<stdout>:test-nccl-worker-0:27:70 [2] NCCL INFO NET/OFI Libfabric provider associates MRs with domains
[1,4]<stdout>:test-nccl-worker-0:29:73 [4] NCCL INFO NET/OFI Libfabric provider associates MRs with domains
[1,2]<stdout>:test-nccl-worker-0:27:70 [2] NCCL INFO NET/OFI Libfabric provider associates MRs with domains
[1,3]<stdout>:test-nccl-worker-0:28:71 [3] NCCL INFO NET/OFI Libfabric provider associates MRs with domains
[1,3]<stdout>:test-nccl-worker-0:28:71 [3] NCCL INFO NET/OFI Libfabric provider associates MRs with domains
[1,3]<stdout>:test-nccl-worker-0:28:71 [3] NCCL INFO NET/OFI Libfabric provider associates MRs with domains
[1,3]<stdout>:test-nccl-worker-0:28:71 [3] NCCL INFO NET/OFI Libfabric provider associates MRs with domains
[1,3]<stdout>:test-nccl-worker-0:28:71 [3] NCCL INFO NET/OFI Libfabric provider associates MRs with domains
[1,3]<stdout>:test-nccl-worker-0:28:71 [3] NCCL INFO NET/OFI Libfabric provider associates MRs with domains
[1,11]<stdout>:test-nccl-worker-1:28:68 [3] NCCL INFO NET/OFI Libfabric provider associates MRs with domains
[1,3]<stdout>:test-nccl-worker-0:28:71 [3] NCCL INFO NET/OFI Libfabric provider associates MRs with domains
[1,11]<stdout>:test-nccl-worker-1:28:68 [3] NCCL INFO NET/OFI Libfabric provider associates MRs with domains
[1,3]<stdout>:test-nccl-worker-0:28:71 [3] NCCL INFO NET/OFI Libfabric provider associates MRs with domains
[1,11]<stdout>:test-nccl-worker-1:28:68 [3] NCCL INFO NET/OFI Libfabric provider associates MRs with domains
[1,11]<stdout>:test-nccl-worker-1:28:68 [3] NCCL INFO NET/OFI Libfabric provider associates MRs with domains
[1,11]<stdout>:test-nccl-worker-1:28:68 [3] NCCL INFO NET/OFI Libfabric provider associates MRs with domains
[1,11]<stdout>:test-nccl-worker-1:28:68 [3] NCCL INFO NET/OFI Libfabric provider associates MRs with domains
[1,11]<stdout>:test-nccl-worker-1:28:68 [3] NCCL INFO NET/OFI Libfabric provider associates MRs with domains
[1,11]<stdout>:test-nccl-worker-1:28:68 [3] NCCL INFO NET/OFI Libfabric provider associates MRs with domains
[1,9]<stdout>:test-nccl-worker-1:26:70 [1] NCCL INFO NET/OFI Libfabric provider associates MRs with domains
[1,9]<stdout>:test-nccl-worker-1:26:70 [1] NCCL INFO NET/OFI Libfabric provider associates MRs with domains
[1,9]<stdout>:test-nccl-worker-1:26:70 [1] NCCL INFO NET/OFI Libfabric provider associates MRs with domains
[1,9]<stdout>:test-nccl-worker-1:26:70 [1] NCCL INFO NET/OFI Libfabric provider associates MRs with domains
[1,9]<stdout>:test-nccl-worker-1:26:70 [1] NCCL INFO NET/OFI Libfabric provider associates MRs with domains
[1,9]<stdout>:test-nccl-worker-1:26:70 [1] NCCL INFO NET/OFI Libfabric provider associates MRs with domains
[1,9]<stdout>:test-nccl-worker-1:26:70 [1] NCCL INFO NET/OFI Libfabric provider associates MRs with domains
[1,9]<stdout>:test-nccl-worker-1:26:70 [1] NCCL INFO NET/OFI Libfabric provider associates MRs with domains
[1,1]<stdout>:test-nccl-worker-0:26:69 [1] NCCL INFO NET/OFI Libfabric provider associates MRs with domains
[1,1]<stdout>:test-nccl-worker-0:26:69 [1] NCCL INFO NET/OFI Libfabric provider associates MRs with domains
[1,1]<stdout>:test-nccl-worker-0:26:69 [1] NCCL INFO NET/OFI Libfabric provider associates MRs with domains
[1,1]<stdout>:test-nccl-worker-0:26:69 [1] NCCL INFO NET/OFI Libfabric provider associates MRs with domains
[1,1]<stdout>:test-nccl-worker-0:26:69 [1] NCCL INFO NET/OFI Libfabric provider associates MRs with domains
[1,1]<stdout>:test-nccl-worker-0:26:69 [1] NCCL INFO NET/OFI Libfabric provider associates MRs with domains
[1,1]<stdout>:test-nccl-worker-0:26:69 [1] NCCL INFO NET/OFI Libfabric provider associates MRs with domains
[1,1]<stdout>:test-nccl-worker-0:26:69 [1] NCCL INFO NET/OFI Libfabric provider associates MRs with domains
[1,8]<stdout>:test-nccl-worker-1:25:69 [0] NCCL INFO NET/OFI Libfabric provider associates MRs with domains
[1,8]<stdout>:test-nccl-worker-1:25:69 [0] NCCL INFO NET/OFI Libfabric provider associates MRs with domains
[1,8]<stdout>:test-nccl-worker-1:25:69 [0] NCCL INFO NET/OFI Libfabric provider associates MRs with domains
[1,8]<stdout>:test-nccl-worker-1:25:69 [0] NCCL INFO NET/OFI Libfabric provider associates MRs with domains
[1,8]<stdout>:test-nccl-worker-1:25:69 [0] NCCL INFO NET/OFI Libfabric provider associates MRs with domains
[1,8]<stdout>:test-nccl-worker-1:25:69 [0] NCCL INFO NET/OFI Libfabric provider associates MRs with domains
[1,8]<stdout>:test-nccl-worker-1:25:69 [0] NCCL INFO NET/OFI Libfabric provider associates MRs with domains
[1,8]<stdout>:test-nccl-worker-1:25:69 [0] NCCL INFO NET/OFI Libfabric provider associates MRs with domains
[1,0]<stdout>:test-nccl-worker-0:25:66 [0] NCCL INFO NET/OFI Libfabric provider associates MRs with domains
[1,0]<stdout>:test-nccl-worker-0:25:66 [0] NCCL INFO NET/OFI Libfabric provider associates MRs with domains
[1,0]<stdout>:test-nccl-worker-0:25:66 [0] NCCL INFO NET/OFI Libfabric provider associates MRs with domains
[1,0]<stdout>:test-nccl-worker-0:25:66 [0] NCCL INFO NET/OFI Libfabric provider associates MRs with domains
[1,0]<stdout>:test-nccl-worker-0:25:66 [0] NCCL INFO NET/OFI Libfabric provider associates MRs with domains
[1,0]<stdout>:test-nccl-worker-0:25:66 [0] NCCL INFO NET/OFI Libfabric provider associates MRs with domains
[1,0]<stdout>:test-nccl-worker-0:25:66 [0] NCCL INFO NET/OFI Libfabric provider associates MRs with domains
[1,0]<stdout>:test-nccl-worker-0:25:66 [0] NCCL INFO NET/OFI Libfabric provider associates MRs with domains
[1,11]<stdout>:test-nccl-worker-1:28:68 [3] NCCL INFO Setting affinity for GPU 3 to ffff,ffffffff,00000000,0000ffff,ffffffff
[1,11]<stdout>:test-nccl-worker-1:28:68 [3] NCCL INFO NVLS multicast support is available on dev 3
[1,14]<stdout>:test-nccl-worker-1:33:65 [6] NCCL INFO Setting affinity for GPU 6 to ffffffff,ffff0000,00000000,ffffffff,ffff0000,00000000
[1,12]<stdout>:test-nccl-worker-1:29:71 [4] NCCL INFO Setting affinity for GPU 4 to ffffffff,ffff0000,00000000,ffffffff,ffff0000,00000000
[1,14]<stdout>:test-nccl-worker-1:33:65 [6] NCCL INFO NVLS multicast support is available on dev 6
[1,12]<stdout>:test-nccl-worker-1:29:71 [4] NCCL INFO NVLS multicast support is available on dev 4
[1,1]<stdout>:test-nccl-worker-0:26:69 [1] NCCL INFO Setting affinity for GPU 1 to ffff,ffffffff,00000000,0000ffff,ffffffff
[1,1]<stdout>:test-nccl-worker-0:26:69 [1] NCCL INFO NVLS multicast support is available on dev 1
[1,10]<stdout>:test-nccl-worker-1:27:66 [2] NCCL INFO Setting affinity for GPU 2 to ffff,ffffffff,00000000,0000ffff,ffffffff
[1,10]<stdout>:test-nccl-worker-1:27:66 [2] NCCL INFO NVLS multicast support is available on dev 2
[1,13]<stdout>:test-nccl-worker-1:31:72 [5] NCCL INFO Setting affinity for GPU 5 to ffffffff,ffff0000,00000000,ffffffff,ffff0000,00000000
[1,0]<stdout>:test-nccl-worker-0:25:66 [0] NCCL INFO Setting affinity for GPU 0 to ffff,ffffffff,00000000,0000ffff,ffffffff
[1,0]<stdout>:test-nccl-worker-0:25:66 [0] NCCL INFO NVLS multicast support is available on dev 0
[1,8]<stdout>:test-nccl-worker-1:25:69 [0] NCCL INFO Setting affinity for GPU 0 to ffff,ffffffff,00000000,0000ffff,ffffffff
[1,8]<stdout>:test-nccl-worker-1:25:69 [0] NCCL INFO NVLS multicast support is available on dev 0
[1,15]<stdout>:test-nccl-worker-1:36:67 [7] NCCL INFO Setting affinity for GPU 7 to ffffffff,ffff0000,00000000,ffffffff,ffff0000,00000000
[1,13]<stdout>:test-nccl-worker-1:31:72 [5] NCCL INFO NVLS multicast support is available on dev 5
[1,9]<stdout>:test-nccl-worker-1:26:70 [1] NCCL INFO Setting affinity for GPU 1 to ffff,ffffffff,00000000,0000ffff,ffffffff
[1,9]<stdout>:test-nccl-worker-1:26:70 [1] NCCL INFO NVLS multicast support is available on dev 1
[1,3]<stdout>:test-nccl-worker-0:28:71 [3] NCCL INFO Setting affinity for GPU 3 to ffff,ffffffff,00000000,0000ffff,ffffffff
[1,3]<stdout>:test-nccl-worker-0:28:71 [3] NCCL INFO NVLS multicast support is available on dev 3
[1,6]<stdout>:test-nccl-worker-0:33:67 [6] NCCL INFO Setting affinity for GPU 6 to ffffffff,ffff0000,00000000,ffffffff,ffff0000,00000000
[1,6]<stdout>:test-nccl-worker-0:33:67 [6] NCCL INFO NVLS multicast support is available on dev 6
[1,4]<stdout>:test-nccl-worker-0:29:73 [4] NCCL INFO Setting affinity for GPU 4 to ffffffff,ffff0000,00000000,ffffffff,ffff0000,00000000
[1,4]<stdout>:test-nccl-worker-0:29:73 [4] NCCL INFO NVLS multicast support is available on dev 4
[1,15]<stdout>:test-nccl-worker-1:36:67 [7] NCCL INFO NVLS multicast support is available on dev 7
[1,5]<stdout>:test-nccl-worker-0:31:72 [5] NCCL INFO Setting affinity for GPU 5 to ffffffff,ffff0000,00000000,ffffffff,ffff0000,00000000
[1,7]<stdout>:test-nccl-worker-0:37:68 [7] NCCL INFO Setting affinity for GPU 7 to ffffffff,ffff0000,00000000,ffffffff,ffff0000,00000000
[1,7]<stdout>:test-nccl-worker-0:37:68 [7] NCCL INFO NVLS multicast support is available on dev 7
[1,5]<stdout>:test-nccl-worker-0:31:72 [5] NCCL INFO NVLS multicast support is available on dev 5
[1,2]<stdout>:test-nccl-worker-0:27:70 [2] NCCL INFO Setting affinity for GPU 2 to ffff,ffffffff,00000000,0000ffff,ffffffff
[1,2]<stdout>:test-nccl-worker-0:27:70 [2] NCCL INFO NVLS multicast support is available on dev 2
[1,3]<stdout>:test-nccl-worker-0:28:71 [3] NCCL INFO comm 0x5569ccf9c300 rank 3 nRanks 16 nNodes 2 localRanks 8 localRank 3 MNNVL 0
[1,3]<stdout>:test-nccl-worker-0:28:71 [3] NCCL INFO NVLS Head  0:  0  8
[1,3]<stdout>:test-nccl-worker-0:28:71 [3] NCCL INFO NVLS Head  1:  1  9
[1,3]<stdout>:test-nccl-worker-0:28:71 [3] NCCL INFO NVLS Head  2:  2 10
[1,3]<stdout>:test-nccl-worker-0:28:71 [3] NCCL INFO NVLS Head  3:  3 11
[1,3]<stdout>:test-nccl-worker-0:28:71 [3] NCCL INFO NVLS Head  4:  4 12
[1,4]<stdout>:test-nccl-worker-0:29:73 [4] NCCL INFO comm 0x55994c23b910 rank 4 nRanks 16 nNodes 2 localRanks 8 localRank 4 MNNVL 0
[1,4]<stdout>:test-nccl-worker-0:29:73 [4] NCCL INFO NVLS Head  0:  0  8
[1,4]<stdout>:test-nccl-worker-0:29:73 [4] NCCL INFO NVLS Head  1:  1  9
[1,4]<stdout>:test-nccl-worker-0:29:73 [4] NCCL INFO NVLS Head  2:  2 10
[1,4]<stdout>:test-nccl-worker-0:29:73 [4] NCCL INFO NVLS Head  3:  3 11
[1,4]<stdout>:test-nccl-worker-0:29:73 [4] NCCL INFO NVLS Head  4:  4 12
[1,4]<stdout>:test-nccl-worker-0:29:73 [4] NCCL INFO NVLS Head  5:  5 13
[1,4]<stdout>:test-nccl-worker-0:29:73 [4] NCCL INFO NVLS Head  6:  6 14
[1,4]<stdout>:test-nccl-worker-0:29:73 [4] NCCL INFO NVLS Head  7:  7 15
[1,12]<stdout>:test-nccl-worker-1:29:71 [4] NCCL INFO comm 0x55f7ee9b4140 rank 12 nRanks 16 nNodes 2 localRanks 8 localRank 4 MNNVL 0
[1,15]<stdout>:test-nccl-worker-1:36:67 [7] NCCL INFO comm 0x55852e5d5280 rank 15 nRanks 16 nNodes 2 localRanks 8 localRank 7 MNNVL 0
[1,15]<stdout>:test-nccl-worker-1:36:67 [7] NCCL INFO Trees [0] -1/-1/-1->15->14 [1] 8/-1/-1->15->14 [2] 8/-1/-1->15->14 [3] 8/-1/-1->15->14 [4] 8/-1/-1->15->14 [5] 8/-1/-1->15->14 [6] 8/-1/-1->15->14 [7] 8/-1/-1->15->7 [8] -1/-1/-1->15->14 [9] 8/-1/-1->15->14 [10] 8/-1/-1->15->14 [11] 8/-1/-1->15->14 [12] 8/-1/-1->15->14 [13] 8/-1/-1->15->14 [14] 8/-1/-1->15->14 [15] 8/7/-1->15->-1
[1,15]<stdout>:test-nccl-worker-1:36:67 [7] NCCL INFO NCCL_BUFFSIZE set by environment to 8388608.
[1,15]<stdout>:test-nccl-worker-1:36:67 [7] NCCL INFO NCCL_P2P_NET_CHUNKSIZE set by environment to 524288.
[1,15]<stdout>:test-nccl-worker-1:36:67 [7] NCCL INFO P2P Chunksize set to 524288
[1,5]<stdout>:test-nccl-worker-0:31:72 [5] NCCL INFO comm 0x557cf2a3e760 rank 5 nRanks 16 nNodes 2 localRanks 8 localRank 5 MNNVL 0
[1,5]<stdout>:test-nccl-worker-0:31:72 [5] NCCL INFO NVLS Head  0:  0  8
[1,5]<stdout>:test-nccl-worker-0:31:72 [5] NCCL INFO NVLS Head  1:  1  9
[1,5]<stdout>:test-nccl-worker-0:31:72 [5] NCCL INFO NVLS Head  2:  2 10
[1,5]<stdout>:test-nccl-worker-0:31:72 [5] NCCL INFO NVLS Head  3:  3 11
[1,5]<stdout>:test-nccl-worker-0:31:72 [5] NCCL INFO NVLS Head  4:  4 12
[1,5]<stdout>:test-nccl-worker-0:31:72 [5] NCCL INFO NVLS Head  5:  5 13
[1,5]<stdout>:test-nccl-worker-0:31:72 [5] NCCL INFO NVLS Head  6:  6 14
[1,5]<stdout>:test-nccl-worker-0:31:72 [5] NCCL INFO NVLS Head  7:  7 15
[1,5]<stdout>:test-nccl-worker-0:31:72 [5] NCCL INFO Trees [0] 6/-1/-1->5->4 [1] 6/-1/-1->5->4 [2] 6/-1/-1->5->4 [3] 6/-1/-1->5->4 [4] 6/-1/-1->5->4 [5] 6/13/-1->5->-1 [6] -1/-1/-1->5->4 [7] 6/-1/-1->5->4 [8] 6/-1/-1->5->4 [9] 6/-1/-1->5->4 [10] 6/-1/-1->5->4 [11] 6/-1/-1->5->4 [12] 6/-1/-1->5->4 [13] 6/-1/-1->5->13 [14] -1/-1/-1->5->4 [15] 6/-1/-1->5->4
[1,13]<stdout>:test-nccl-worker-1:31:72 [5] NCCL INFO comm 0x55e083a8c860 rank 13 nRanks 16 nNodes 2 localRanks 8 localRank 5 MNNVL 0
[1,13]<stdout>:test-nccl-worker-1:31:72 [5] NCCL INFO Trees [0] 14/-1/-1->13->12 [1] 14/-1/-1->13->12 [2] 14/-1/-1->13->12 [3] 14/-1/-1->13->12 [4] 14/-1/-1->13->12 [5] 14/-1/-1->13->5 [6] -1/-1/-1->13->12 [7] 14/-1/-1->13->12 [8] 14/-1/-1->13->12 [9] 14/-1/-1->13->12 [10] 14/-1/-1->13->12 [11] 14/-1/-1->13->12 [12] 14/-1/-1->13->12 [13] 14/5/-1->13->-1 [14] -1/-1/-1->13->12 [15] 14/-1/-1->13->12
[1,13]<stdout>:test-nccl-worker-1:31:72 [5] NCCL INFO NCCL_BUFFSIZE set by environment to 8388608.
[1,13]<stdout>:test-nccl-worker-1:31:72 [5] NCCL INFO NCCL_P2P_NET_CHUNKSIZE set by environment to 524288.
[1,13]<stdout>:test-nccl-worker-1:31:72 [5] NCCL INFO P2P Chunksize set to 524288
[1,4]<stdout>:test-nccl-worker-0:29:73 [4] NCCL INFO Trees [0] 5/-1/-1->4->3 [1] 5/-1/-1->4->3 [2] 5/-1/-1->4->3 [3] 5/-1/-1->4->3 [4] 5/12/-1->4->-1 [5] -1/-1/-1->4->3 [6] 5/-1/-1->4->3 [7] 5/-1/-1->4->3 [8] 5/-1/-1->4->3 [9] 5/-1/-1->4->3 [10] 5/-1/-1->4->3 [11] 5/-1/-1->4->3 [12] 5/-1/-1->4->12 [13] -1/-1/-1->4->3 [14] 5/-1/-1->4->3 [15] 5/-1/-1->4->3
[1,4]<stdout>:test-nccl-worker-0:29:73 [4] NCCL INFO NCCL_BUFFSIZE set by environment to 8388608.
[1,4]<stdout>:test-nccl-worker-0:29:73 [4] NCCL INFO NCCL_P2P_NET_CHUNKSIZE set by environment to 524288.
[1,4]<stdout>:test-nccl-worker-0:29:73 [4] NCCL INFO P2P Chunksize set to 524288
[1,1]<stdout>:test-nccl-worker-0:26:69 [1] NCCL INFO comm 0x55f362826810 rank 1 nRanks 16 nNodes 2 localRanks 8 localRank 1 MNNVL 0
[1,1]<stdout>:test-nccl-worker-0:26:69 [1] NCCL INFO NVLS Head  0:  0  8
[1,1]<stdout>:test-nccl-worker-0:26:69 [1] NCCL INFO NVLS Head  1:  1  9
[1,14]<stdout>:test-nccl-worker-1:33:65 [6] NCCL INFO comm 0x558156baca60 rank 14 nRanks 16 nNodes 2 localRanks 8 localRank 6 MNNVL 0
[1,14]<stdout>:test-nccl-worker-1:33:65 [6] NCCL INFO Trees [0] 15/-1/-1->14->13 [1] 15/-1/-1->14->13 [2] 15/-1/-1->14->13 [3] 15/-1/-1->14->13 [4] 15/-1/-1->14->13 [5] 15/-1/-1->14->13 [6] 15/-1/-1->14->6 [7] -1/-1/-1->14->13 [8] 15/-1/-1->14->13 [9] 15/-1/-1->14->13 [10] 15/-1/-1->14->13 [11] 15/-1/-1->14->13 [12] 15/-1/-1->14->13 [13] 15/-1/-1->14->13 [14] 15/6/-1->14->-1 [15] -1/-1/-1->14->13
[1,14]<stdout>:test-nccl-worker-1:33:65 [6] NCCL INFO NCCL_BUFFSIZE set by environment to 8388608.
[1,14]<stdout>:test-nccl-worker-1:33:65 [6] NCCL INFO NCCL_P2P_NET_CHUNKSIZE set by environment to 524288.
[1,14]<stdout>:test-nccl-worker-1:33:65 [6] NCCL INFO P2P Chunksize set to 524288
[1,12]<stdout>:test-nccl-worker-1:29:71 [4] NCCL INFO Trees [0] 13/-1/-1->12->11 [1] 13/-1/-1->12->11 [2] 13/-1/-1->12->11 [3] 13/-1/-1->12->11 [4] 13/-1/-1->12->4 [5] -1/-1/-1->12->11 [6] 13/-1/-1->12->11 [7] 13/-1/-1->12->11 [8] 13/-1/-1->12->11 [9] 13/-1/-1->12->11 [10] 13/-1/-1->12->11 [11] 13/-1/-1->12->11 [12] 13/4/-1->12->-1 [13] -1/-1/-1->12->11 [14] 13/-1/-1->12->11 [15] 13/-1/-1->12->11
[1,12]<stdout>:test-nccl-worker-1:29:71 [4] NCCL INFO NCCL_BUFFSIZE set by environment to 8388608.
[1,12]<stdout>:test-nccl-worker-1:29:71 [4] NCCL INFO NCCL_P2P_NET_CHUNKSIZE set by environment to 524288.
[1,12]<stdout>:test-nccl-worker-1:29:71 [4] NCCL INFO P2P Chunksize set to 524288
[1,2]<stdout>:test-nccl-worker-0:27:70 [2] NCCL INFO comm 0x563b5b5a5960 rank 2 nRanks 16 nNodes 2 localRanks 8 localRank 2 MNNVL 0
[1,2]<stdout>:test-nccl-worker-0:27:70 [2] NCCL INFO NVLS Head  0:  0  8
[1,2]<stdout>:test-nccl-worker-0:27:70 [2] NCCL INFO NVLS Head  1:  1  9
[1,2]<stdout>:test-nccl-worker-0:27:70 [2] NCCL INFO NVLS Head  2:  2 10
[1,2]<stdout>:test-nccl-worker-0:27:70 [2] NCCL INFO NVLS Head  3:  3 11
[1,2]<stdout>:test-nccl-worker-0:27:70 [2] NCCL INFO NVLS Head  4:  4 12
[1,2]<stdout>:test-nccl-worker-0:27:70 [2] NCCL INFO NVLS Head  5:  5 13
[1,2]<stdout>:test-nccl-worker-0:27:70 [2] NCCL INFO NVLS Head  6:  6 14
[1,2]<stdout>:test-nccl-worker-0:27:70 [2] NCCL INFO NVLS Head  7:  7 15
[1,2]<stdout>:test-nccl-worker-0:27:70 [2] NCCL INFO Trees [0] 3/-1/-1->2->1 [1] 3/-1/-1->2->1 [2] 3/10/-1->2->-1 [3] -1/-1/-1->2->1 [4] 3/-1/-1->2->1 [5] 3/-1/-1->2->1 [6] 3/-1/-1->2->1 [7] 3/-1/-1->2->1 [8] 3/-1/-1->2->1 [9] 3/-1/-1->2->1 [10] 3/-1/-1->2->10 [11] -1/-1/-1->2->1 [12] 3/-1/-1->2->1 [13] 3/-1/-1->2->1 [14] 3/-1/-1->2->1 [15] 3/-1/-1->2->1
[1,2]<stdout>:test-nccl-worker-0:27:70 [2] NCCL INFO NCCL_BUFFSIZE set by environment to 8388608.
[1,0]<stdout>:test-nccl-worker-0:25:66 [0] NCCL INFO comm 0x5646b26cb7a0 rank 0 nRanks 16 nNodes 2 localRanks 8 localRank 0 MNNVL 0
[1,0]<stdout>:test-nccl-worker-0:25:66 [0] NCCL INFO NVLS Head  0:  0  8
[1,0]<stdout>:test-nccl-worker-0:25:66 [0] NCCL INFO NVLS Head  1:  1  9
[1,0]<stdout>:test-nccl-worker-0:25:66 [0] NCCL INFO NVLS Head  2:  2 10
[1,0]<stdout>:test-nccl-worker-0:25:66 [0] NCCL INFO NVLS Head  3:  3 11
[1,0]<stdout>:test-nccl-worker-0:25:66 [0] NCCL INFO NVLS Head  4:  4 12
[1,9]<stdout>:test-nccl-worker-1:26:70 [1] NCCL INFO comm 0x55821e6107f0 rank 9 nRanks 16 nNodes 2 localRanks 8 localRank 1 MNNVL 0
[1,9]<stdout>:test-nccl-worker-1:26:70 [1] NCCL INFO Trees [0] 10/-1/-1->9->8 [1] 10/-1/-1->9->1 [2] -1/-1/-1->9->8 [3] 10/-1/-1->9->8 [4] 10/-1/-1->9->8 [5] 10/-1/-1->9->8 [6] 10/-1/-1->9->8 [7] 10/-1/-1->9->8 [8] 10/-1/-1->9->8 [9] 10/1/-1->9->-1 [10] -1/-1/-1->9->8 [11] 10/-1/-1->9->8 [12] 10/-1/-1->9->8 [13] 10/-1/-1->9->8 [14] 10/-1/-1->9->8 [15] 10/-1/-1->9->8
[1,9]<stdout>:test-nccl-worker-1:26:70 [1] NCCL INFO NCCL_BUFFSIZE set by environment to 8388608.
[1,9]<stdout>:test-nccl-worker-1:26:70 [1] NCCL INFO NCCL_P2P_NET_CHUNKSIZE set by environment to 524288.
[1,9]<stdout>:test-nccl-worker-1:26:70 [1] NCCL INFO P2P Chunksize set to 524288
[1,5]<stdout>:test-nccl-worker-0:31:72 [5] NCCL INFO NCCL_BUFFSIZE set by environment to 8388608.
[1,5]<stdout>:test-nccl-worker-0:31:72 [5] NCCL INFO NCCL_P2P_NET_CHUNKSIZE set by environment to 524288.
[1,5]<stdout>:test-nccl-worker-0:31:72 [5] NCCL INFO P2P Chunksize set to 524288
[1,10]<stdout>:test-nccl-worker-1:27:66 [2] NCCL INFO comm 0x55a78f3b29b0 rank 10 nRanks 16 nNodes 2 localRanks 8 localRank 2 MNNVL 0
[1,10]<stdout>:test-nccl-worker-1:27:66 [2] NCCL INFO Trees [0] 11/-1/-1->10->9 [1] 11/-1/-1->10->9 [2] 11/-1/-1->10->2 [3] -1/-1/-1->10->9 [4] 11/-1/-1->10->9 [5] 11/-1/-1->10->9 [6] 11/-1/-1->10->9 [7] 11/-1/-1->10->9 [8] 11/-1/-1->10->9 [9] 11/-1/-1->10->9 [10] 11/2/-1->10->-1 [11] -1/-1/-1->10->9 [12] 11/-1/-1->10->9 [13] 11/-1/-1->10->9 [14] 11/-1/-1->10->9 [15] 11/-1/-1->10->9
[1,10]<stdout>:test-nccl-worker-1:27:66 [2] NCCL INFO NCCL_BUFFSIZE set by environment to 8388608.
[1,10]<stdout>:test-nccl-worker-1:27:66 [2] NCCL INFO NCCL_P2P_NET_CHUNKSIZE set by environment to 524288.
[1,10]<stdout>:test-nccl-worker-1:27:66 [2] NCCL INFO P2P Chunksize set to 524288
[1,11]<stdout>:test-nccl-worker-1:28:68 [3] NCCL INFO comm 0x5608bd5c03f0 rank 11 nRanks 16 nNodes 2 localRanks 8 localRank 3 MNNVL 0
[1,11]<stdout>:test-nccl-worker-1:28:68 [3] NCCL INFO Trees [0] 12/-1/-1->11->10 [1] 12/-1/-1->11->10 [2] 12/-1/-1->11->10 [3] 12/-1/-1->11->3 [4] -1/-1/-1->11->10 [5] 12/-1/-1->11->10 [6] 12/-1/-1->11->10 [7] 12/-1/-1->11->10 [8] 12/-1/-1->11->10 [9] 12/-1/-1->11->10 [10] 12/-1/-1->11->10 [11] 12/3/-1->11->-1 [12] -1/-1/-1->11->10 [13] 12/-1/-1->11->10 [14] 12/-1/-1->11->10 [15] 12/-1/-1->11->10
[1,11]<stdout>:test-nccl-worker-1:28:68 [3] NCCL INFO NCCL_BUFFSIZE set by environment to 8388608.
[1,11]<stdout>:test-nccl-worker-1:28:68 [3] NCCL INFO NCCL_P2P_NET_CHUNKSIZE set by environment to 524288.
[1,11]<stdout>:test-nccl-worker-1:28:68 [3] NCCL INFO P2P Chunksize set to 524288
[1,3]<stdout>:test-nccl-worker-0:28:71 [3] NCCL INFO NVLS Head  5:  5 13
[1,3]<stdout>:test-nccl-worker-0:28:71 [3] NCCL INFO NVLS Head  6:  6 14
[1,3]<stdout>:test-nccl-worker-0:28:71 [3] NCCL INFO NVLS Head  7:  7 15
[1,3]<stdout>:test-nccl-worker-0:28:71 [3] NCCL INFO Trees [0] 4/-1/-1->3->2 [1] 4/-1/-1->3->2 [2] 4/-1/-1->3->2 [3] 4/11/-1->3->-1 [4] -1/-1/-1->3->2 [5] 4/-1/-1->3->2 [6] 4/-1/-1->3->2 [7] 4/-1/-1->3->2 [8] 4/-1/-1->3->2 [9] 4/-1/-1->3->2 [10] 4/-1/-1->3->2 [11] 4/-1/-1->3->11 [12] -1/-1/-1->3->2 [13] 4/-1/-1->3->2 [14] 4/-1/-1->3->2 [15] 4/-1/-1->3->2
[1,3]<stdout>:test-nccl-worker-0:28:71 [3] NCCL INFO NCCL_BUFFSIZE set by environment to 8388608.
[1,3]<stdout>:test-nccl-worker-0:28:71 [3] NCCL INFO NCCL_P2P_NET_CHUNKSIZE set by environment to 524288.
[1,3]<stdout>:test-nccl-worker-0:28:71 [3] NCCL INFO P2P Chunksize set to 524288
[1,6]<stdout>:test-nccl-worker-0:33:67 [6] NCCL INFO comm 0x55e958db5920 rank 6 nRanks 16 nNodes 2 localRanks 8 localRank 6 MNNVL 0
[1,6]<stdout>:test-nccl-worker-0:33:67 [6] NCCL INFO NVLS Head  0:  0  8
[1,6]<stdout>:test-nccl-worker-0:33:67 [6] NCCL INFO NVLS Head  1:  1  9
[1,6]<stdout>:test-nccl-worker-0:33:67 [6] NCCL INFO NVLS Head  2:  2 10
[1,6]<stdout>:test-nccl-worker-0:33:67 [6] NCCL INFO NVLS Head  3:  3 11
[1,6]<stdout>:test-nccl-worker-0:33:67 [6] NCCL INFO NVLS Head  4:  4 12
[1,6]<stdout>:test-nccl-worker-0:33:67 [6] NCCL INFO NVLS Head  5:  5 13
[1,6]<stdout>:test-nccl-worker-0:33:67 [6] NCCL INFO NVLS Head  6:  6 14
[1,6]<stdout>:test-nccl-worker-0:33:67 [6] NCCL INFO NVLS Head  7:  7 15
[1,6]<stdout>:test-nccl-worker-0:33:67 [6] NCCL INFO Trees [0] 7/-1/-1->6->5 [1] 7/-1/-1->6->5 [2] 7/-1/-1->6->5 [3] 7/-1/-1->6->5 [4] 7/-1/-1->6->5 [5] 7/-1/-1->6->5 [6] 7/14/-1->6->-1 [7] -1/-1/-1->6->5 [8] 7/-1/-1->6->5 [9] 7/-1/-1->6->5 [10] 7/-1/-1->6->5 [11] 7/-1/-1->6->5 [12] 7/-1/-1->6->5 [13] 7/-1/-1->6->5 [14] 7/-1/-1->6->14 [15] -1/-1/-1->6->5
[1,6]<stdout>:test-nccl-worker-0:33:67 [6] NCCL INFO NCCL_BUFFSIZE set by environment to 8388608.
[1,6]<stdout>:test-nccl-worker-0:33:67 [6] NCCL INFO NCCL_P2P_NET_CHUNKSIZE set by environment to 524288.
[1,6]<stdout>:test-nccl-worker-0:33:67 [6] NCCL INFO P2P Chunksize set to 524288
[1,8]<stdout>:test-nccl-worker-1:25:69 [0] NCCL INFO comm 0x5624c3a26200 rank 8 nRanks 16 nNodes 2 localRanks 8 localRank 0 MNNVL 0
[1,8]<stdout>:test-nccl-worker-1:25:69 [0] NCCL INFO Trees [0] 9/-1/-1->8->0 [1] -1/-1/-1->8->15 [2] 9/-1/-1->8->15 [3] 9/-1/-1->8->15 [4] 9/-1/-1->8->15 [5] 9/-1/-1->8->15 [6] 9/-1/-1->8->15 [7] 9/-1/-1->8->15 [8] 9/0/-1->8->-1 [9] -1/-1/-1->8->15 [10] 9/-1/-1->8->15 [11] 9/-1/-1->8->15 [12] 9/-1/-1->8->15 [13] 9/-1/-1->8->15 [14] 9/-1/-1->8->15 [15] 9/-1/-1->8->15
[1,8]<stdout>:test-nccl-worker-1:25:69 [0] NCCL INFO NCCL_BUFFSIZE set by environment to 8388608.
[1,8]<stdout>:test-nccl-worker-1:25:69 [0] NCCL INFO NCCL_P2P_NET_CHUNKSIZE set by environment to 524288.
[1,8]<stdout>:test-nccl-worker-1:25:69 [0] NCCL INFO P2P Chunksize set to 524288
[1,1]<stdout>:test-nccl-worker-0:26:69 [1] NCCL INFO NVLS Head  2:  2 10
[1,1]<stdout>:test-nccl-worker-0:26:69 [1] NCCL INFO NVLS Head  3:  3 11
[1,1]<stdout>:test-nccl-worker-0:26:69 [1] NCCL INFO NVLS Head  4:  4 12
[1,1]<stdout>:test-nccl-worker-0:26:69 [1] NCCL INFO NVLS Head  5:  5 13
[1,1]<stdout>:test-nccl-worker-0:26:69 [1] NCCL INFO NVLS Head  6:  6 14
[1,1]<stdout>:test-nccl-worker-0:26:69 [1] NCCL INFO NVLS Head  7:  7 15
[1,1]<stdout>:test-nccl-worker-0:26:69 [1] NCCL INFO Trees [0] 2/-1/-1->1->0 [1] 2/9/-1->1->-1 [2] -1/-1/-1->1->0 [3] 2/-1/-1->1->0 [4] 2/-1/-1->1->0 [5] 2/-1/-1->1->0 [6] 2/-1/-1->1->0 [7] 2/-1/-1->1->0 [8] 2/-1/-1->1->0 [9] 2/-1/-1->1->9 [10] -1/-1/-1->1->0 [11] 2/-1/-1->1->0 [12] 2/-1/-1->1->0 [13] 2/-1/-1->1->0 [14] 2/-1/-1->1->0 [15] 2/-1/-1->1->0
[1,1]<stdout>:test-nccl-worker-0:26:69 [1] NCCL INFO NCCL_BUFFSIZE set by environment to 8388608.
[1,1]<stdout>:test-nccl-worker-0:26:69 [1] NCCL INFO NCCL_P2P_NET_CHUNKSIZE set by environment to 524288.
[1,1]<stdout>:test-nccl-worker-0:26:69 [1] NCCL INFO P2P Chunksize set to 524288
[1,2]<stdout>:test-nccl-worker-0:27:70 [2] NCCL INFO NCCL_P2P_NET_CHUNKSIZE set by environment to 524288.
[1,2]<stdout>:test-nccl-worker-0:27:70 [2] NCCL INFO P2P Chunksize set to 524288
[1,7]<stdout>:test-nccl-worker-0:37:68 [7] NCCL INFO comm 0x55bb2c5961d0 rank 7 nRanks 16 nNodes 2 localRanks 8 localRank 7 MNNVL 0
[1,7]<stdout>:test-nccl-worker-0:37:68 [7] NCCL INFO NVLS Head  0:  0  8
[1,7]<stdout>:test-nccl-worker-0:37:68 [7] NCCL INFO NVLS Head  1:  1  9
[1,7]<stdout>:test-nccl-worker-0:37:68 [7] NCCL INFO NVLS Head  2:  2 10
[1,7]<stdout>:test-nccl-worker-0:37:68 [7] NCCL INFO NVLS Head  3:  3 11
[1,7]<stdout>:test-nccl-worker-0:37:68 [7] NCCL INFO NVLS Head  4:  4 12
[1,7]<stdout>:test-nccl-worker-0:37:68 [7] NCCL INFO NVLS Head  5:  5 13
[1,7]<stdout>:test-nccl-worker-0:37:68 [7] NCCL INFO NVLS Head  6:  6 14
[1,7]<stdout>:test-nccl-worker-0:37:68 [7] NCCL INFO NVLS Head  7:  7 15
[1,7]<stdout>:test-nccl-worker-0:37:68 [7] NCCL INFO Trees [0] -1/-1/-1->7->6 [1] 0/-1/-1->7->6 [2] 0/-1/-1->7->6 [3] 0/-1/-1->7->6 [4] 0/-1/-1->7->6 [5] 0/-1/-1->7->6 [6] 0/-1/-1->7->6 [7] 0/15/-1->7->-1 [8] -1/-1/-1->7->6 [9] 0/-1/-1->7->6 [10] 0/-1/-1->7->6 [11] 0/-1/-1->7->6 [12] 0/-1/-1->7->6 [13] 0/-1/-1->7->6 [14] 0/-1/-1->7->6 [15] 0/-1/-1->7->15
[1,7]<stdout>:test-nccl-worker-0:37:68 [7] NCCL INFO NCCL_BUFFSIZE set by environment to 8388608.
[1,7]<stdout>:test-nccl-worker-0:37:68 [7] NCCL INFO NCCL_P2P_NET_CHUNKSIZE set by environment to 524288.
[1,7]<stdout>:test-nccl-worker-0:37:68 [7] NCCL INFO P2P Chunksize set to 524288
[1,0]<stdout>:test-nccl-worker-0:25:66 [0] NCCL INFO NVLS Head  5:  5 13
[1,0]<stdout>:test-nccl-worker-0:25:66 [0] NCCL INFO NVLS Head  6:  6 14
[1,0]<stdout>:test-nccl-worker-0:25:66 [0] NCCL INFO NVLS Head  7:  7 15
[1,0]<stdout>:test-nccl-worker-0:25:66 [0] NCCL INFO Channel 00/16 :    0   7   6   5   4   3   2   1   9  10  11  12  13  14  15   8
[1,0]<stdout>:test-nccl-worker-0:25:66 [0] NCCL INFO Channel 01/16 :    0   8  15  14  13  12  11  10   9   1   2   3   4   5   6   7
[1,0]<stdout>:test-nccl-worker-0:25:66 [0] NCCL INFO Channel 02/16 :    0   7   6   5   4   3  11  12  13  14  15   8   9  10   2   1
[1,0]<stdout>:test-nccl-worker-0:25:66 [0] NCCL INFO Channel 03/16 :    0   1   2  10   9   8  15  14  13  12  11   3   4   5   6   7
[1,0]<stdout>:test-nccl-worker-0:25:66 [0] NCCL INFO Channel 04/16 :    0   7   6   5  13  14  15   8   9  10  11  12   4   3   2   1
[1,0]<stdout>:test-nccl-worker-0:25:66 [0] NCCL INFO Channel 05/16 :    0   1   2   3   4  12  11  10   9   8  15  14  13   5   6   7
[1,0]<stdout>:test-nccl-worker-0:25:66 [0] NCCL INFO Channel 06/16 :    0   7  15   8   9  10  11  12  13  14   6   5   4   3   2   1
[1,0]<stdout>:test-nccl-worker-0:25:66 [0] NCCL INFO Channel 07/16 :    0   1   2   3   4   5   6  14  13  12  11  10   9   8  15   7
[1,0]<stdout>:test-nccl-worker-0:25:66 [0] NCCL INFO Channel 08/16 :    0   7   6   5   4   3   2   1   9  10  11  12  13  14  15   8
[1,0]<stdout>:test-nccl-worker-0:25:66 [0] NCCL INFO Channel 09/16 :    0   8  15  14  13  12  11  10   9   1   2   3   4   5   6   7
[1,0]<stdout>:test-nccl-worker-0:25:66 [0] NCCL INFO Channel 10/16 :    0   7   6   5   4   3  11  12  13  14  15   8   9  10   2   1
[1,0]<stdout>:test-nccl-worker-0:25:66 [0] NCCL INFO Channel 11/16 :    0   1   2  10   9   8  15  14  13  12  11   3   4   5   6   7
[1,0]<stdout>:test-nccl-worker-0:25:66 [0] NCCL INFO Channel 12/16 :    0   7   6   5  13  14  15   8   9  10  11  12   4   3   2   1
[1,0]<stdout>:test-nccl-worker-0:25:66 [0] NCCL INFO Channel 13/16 :    0   1   2   3   4  12  11  10   9   8  15  14  13   5   6   7
[1,0]<stdout>:test-nccl-worker-0:25:66 [0] NCCL INFO Channel 14/16 :    0   7  15   8   9  10  11  12  13  14   6   5   4   3   2   1
[1,0]<stdout>:test-nccl-worker-0:25:66 [0] NCCL INFO Channel 15/16 :    0   1   2   3   4   5   6  14  13  12  11  10   9   8  15   7
[1,0]<stdout>:test-nccl-worker-0:25:66 [0] NCCL INFO Trees [0] 1/8/-1->0->-1 [1] -1/-1/-1->0->7 [2] 1/-1/-1->0->7 [3] 1/-1/-1->0->7 [4] 1/-1/-1->0->7 [5] 1/-1/-1->0->7 [6] 1/-1/-1->0->7 [7] 1/-1/-1->0->7 [8] 1/-1/-1->0->8 [9] -1/-1/-1->0->7 [10] 1/-1/-1->0->7 [11] 1/-1/-1->0->7 [12] 1/-1/-1->0->7 [13] 1/-1/-1->0->7 [14] 1/-1/-1->0->7 [15] 1/-1/-1->0->7
[1,0]<stdout>:test-nccl-worker-0:25:66 [0] NCCL INFO NCCL_BUFFSIZE set by environment to 8388608.
[1,0]<stdout>:test-nccl-worker-0:25:66 [0] NCCL INFO NCCL_P2P_NET_CHUNKSIZE set by environment to 524288.
[1,0]<stdout>:test-nccl-worker-0:25:66 [0] NCCL INFO P2P Chunksize set to 524288
[1,13]<stdout>:test-nccl-worker-1:31:72 [5] NCCL INFO NCCL_NVLS_CHUNKSIZE set by environment to 524288.
[1,15]<stdout>:test-nccl-worker-1:36:67 [7] NCCL INFO NCCL_NVLS_CHUNKSIZE set by environment to 524288.
[1,12]<stdout>:test-nccl-worker-1:29:71 [4] NCCL INFO NCCL_NVLS_CHUNKSIZE set by environment to 524288.
[1,10]<stdout>:test-nccl-worker-1:27:66 [2] NCCL INFO NCCL_NVLS_CHUNKSIZE set by environment to 524288.
[1,3]<stdout>:test-nccl-worker-0:28:71 [3] NCCL INFO NCCL_NVLS_CHUNKSIZE set by environment to 524288.
[1,5]<stdout>:test-nccl-worker-0:31:72 [5] NCCL INFO NCCL_NVLS_CHUNKSIZE set by environment to 524288.
[1,2]<stdout>:test-nccl-worker-0:27:70 [2] NCCL INFO NCCL_NVLS_CHUNKSIZE set by environment to 524288.
[1,4]<stdout>:test-nccl-worker-0:29:73 [4] NCCL INFO NCCL_NVLS_CHUNKSIZE set by environment to 524288.
[1,6]<stdout>:test-nccl-worker-0:33:67 [6] NCCL INFO NCCL_NVLS_CHUNKSIZE set by environment to 524288.
[1,1]<stdout>:test-nccl-worker-0:26:69 [1] NCCL INFO NCCL_NVLS_CHUNKSIZE set by environment to 524288.
[1,7]<stdout>:test-nccl-worker-0:37:68 [7] NCCL INFO NCCL_NVLS_CHUNKSIZE set by environment to 524288.
[1,14]<stdout>:test-nccl-worker-1:33:65 [6] NCCL INFO NCCL_NVLS_CHUNKSIZE set by environment to 524288.
[1,9]<stdout>:test-nccl-worker-1:26:70 [1] NCCL INFO NCCL_NVLS_CHUNKSIZE set by environment to 524288.
[1,8]<stdout>:test-nccl-worker-1:25:69 [0] NCCL INFO NCCL_NVLS_CHUNKSIZE set by environment to 524288.
[1,11]<stdout>:test-nccl-worker-1:28:68 [3] NCCL INFO NCCL_NVLS_CHUNKSIZE set by environment to 524288.
[1,0]<stdout>:test-nccl-worker-0:25:66 [0] NCCL INFO NCCL_NVLS_CHUNKSIZE set by environment to 524288.
[1,1]<stdout>:test-nccl-worker-0:26:69 [1] NCCL INFO threadThresholds 8/8/64 | 128/8/64 | 512 | 512
[1,1]<stdout>:test-nccl-worker-0:26:69 [1] NCCL INFO 16 coll channels, 16 collnet channels, 16 nvls channels, 16 p2p channels, 2 p2p channels per peer
[1,2]<stdout>:test-nccl-worker-0:27:70 [2] NCCL INFO threadThresholds 8/8/64 | 128/8/64 | 512 | 512
[1,2]<stdout>:test-nccl-worker-0:27:70 [2] NCCL INFO 16 coll channels, 16 collnet channels, 16 nvls channels, 16 p2p channels, 2 p2p channels per peer
[1,3]<stdout>:test-nccl-worker-0:28:71 [3] NCCL INFO threadThresholds 8/8/64 | 128/8/64 | 512 | 512
[1,3]<stdout>:test-nccl-worker-0:28:71 [3] NCCL INFO 16 coll channels, 16 collnet channels, 16 nvls channels, 16 p2p channels, 2 p2p channels per peer
[1,0]<stdout>:test-nccl-worker-0:25:66 [0] NCCL INFO threadThresholds 8/8/64 | 128/8/64 | 512 | 512
[1,0]<stdout>:test-nccl-worker-0:25:66 [0] NCCL INFO 16 coll channels, 16 collnet channels, 16 nvls channels, 16 p2p channels, 2 p2p channels per peer
[1,6]<stdout>:test-nccl-worker-0:33:67 [6] NCCL INFO threadThresholds 8/8/64 | 128/8/64 | 512 | 512
[1,6]<stdout>:test-nccl-worker-0:33:67 [6] NCCL INFO 16 coll channels, 16 collnet channels, 16 nvls channels, 16 p2p channels, 2 p2p channels per peer
[1,9]<stdout>:test-nccl-worker-1:26:70 [1] NCCL INFO threadThresholds 8/8/64 | 128/8/64 | 512 | 512
[1,9]<stdout>:test-nccl-worker-1:26:70 [1] NCCL INFO 16 coll channels, 16 collnet channels, 16 nvls channels, 16 p2p channels, 2 p2p channels per peer
[1,12]<stdout>:test-nccl-worker-1:29:71 [4] NCCL INFO threadThresholds 8/8/64 | 128/8/64 | 512 | 512
[1,12]<stdout>:test-nccl-worker-1:29:71 [4] NCCL INFO 16 coll channels, 16 collnet channels, 16 nvls channels, 16 p2p channels, 2 p2p channels per peer
[1,10]<stdout>:test-nccl-worker-1:27:66 [2] NCCL INFO threadThresholds 8/8/64 | 128/8/64 | 512 | 512
[1,10]<stdout>:test-nccl-worker-1:27:66 [2] NCCL INFO 16 coll channels, 16 collnet channels, 16 nvls channels, 16 p2p channels, 2 p2p channels per peer
[1,11]<stdout>:test-nccl-worker-1:28:68 [3] NCCL INFO threadThresholds 8/8/64 | 128/8/64 | 512 | 512
[1,11]<stdout>:test-nccl-worker-1:28:68 [3] NCCL INFO 16 coll channels, 16 collnet channels, 16 nvls channels, 16 p2p channels, 2 p2p channels per peer
[1,13]<stdout>:test-nccl-worker-1:31:72 [5] NCCL INFO threadThresholds 8/8/64 | 128/8/64 | 512 | 512
[1,13]<stdout>:test-nccl-worker-1:31:72 [5] NCCL INFO 16 coll channels, 16 collnet channels, 16 nvls channels, 16 p2p channels, 2 p2p channels per peer
[1,14]<stdout>:test-nccl-worker-1:33:65 [6] NCCL INFO threadThresholds 8/8/64 | 128/8/64 | 512 | 512
[1,14]<stdout>:test-nccl-worker-1:33:65 [6] NCCL INFO 16 coll channels, 16 collnet channels, 16 nvls channels, 16 p2p channels, 2 p2p channels per peer
[1,8]<stdout>:test-nccl-worker-1:25:69 [0] NCCL INFO threadThresholds 8/8/64 | 128/8/64 | 512 | 512
[1,8]<stdout>:test-nccl-worker-1:25:69 [0] NCCL INFO 16 coll channels, 16 collnet channels, 16 nvls channels, 16 p2p channels, 2 p2p channels per peer
[1,15]<stdout>:test-nccl-worker-1:36:67 [7] NCCL INFO threadThresholds 8/8/64 | 128/8/64 | 512 | 512
[1,15]<stdout>:test-nccl-worker-1:36:67 [7] NCCL INFO 16 coll channels, 16 collnet channels, 16 nvls channels, 16 p2p channels, 2 p2p channels per peer
[1,0]<stdout>:test-nccl-worker-0:25:66 [0] NCCL INFO CC Off, Multi-GPU CC Off, workFifoBytes 1048576
[1,10]<stdout>:test-nccl-worker-1:27:66 [2] NCCL INFO TUNER/Plugin: Failed to find ncclTunerPlugin_v3 symbol.
[1,10]<stdout>:test-nccl-worker-1:27:66 [2] NCCL INFO TUNER/Plugin: Failed to find ncclTunerPlugin_v2 symbol, using internal tuner instead.
[1,10]<stdout>:test-nccl-worker-1:27:66 [2] NCCL INFO ncclCommInitRank comm 0x55a78f3b29b0 rank 10 nranks 16 cudaDev 2 nvmlDev 2 busId 75000 commId 0xc9fb4671223ec1ba - Init COMPLETE
[1,10]<stdout>:test-nccl-worker-1:27:66 [2] NCCL INFO Init timings: rank 10 nranks 16 total 3.29 (kernels 0.23, bootstrap 2.33, allgathers 0.02, topo 0.54, graphs 0.01, connections 0.16, rest 0.00)
[1,11]<stdout>:test-nccl-worker-1:28:68 [3] NCCL INFO TUNER/Plugin: Failed to find ncclTunerPlugin_v3 symbol.
[1,11]<stdout>:test-nccl-worker-1:28:68 [3] NCCL INFO TUNER/Plugin: Failed to find ncclTunerPlugin_v2 symbol, using internal tuner instead.
[1,11]<stdout>:test-nccl-worker-1:28:68 [3] NCCL INFO ncclCommInitRank comm 0x5608bd5c03f0 rank 11 nranks 16 cudaDev 3 nvmlDev 3 busId 86000 commId 0xc9fb4671223ec1ba - Init COMPLETE
[1,11]<stdout>:test-nccl-worker-1:28:68 [3] NCCL INFO Init timings: rank 11 nranks 16 total 3.28 (kernels 0.24, bootstrap 2.31, allgathers 0.02, topo 0.53, graphs 0.01, connections 0.16, rest 0.00)
[1,12]<stdout>:test-nccl-worker-1:29:71 [4] NCCL INFO TUNER/Plugin: Failed to find ncclTunerPlugin_v3 symbol.
[1,12]<stdout>:test-nccl-worker-1:29:71 [4] NCCL INFO TUNER/Plugin: Failed to find ncclTunerPlugin_v2 symbol, using internal tuner instead.
[1,12]<stdout>:test-nccl-worker-1:29:71 [4] NCCL INFO ncclCommInitRank comm 0x55f7ee9b4140 rank 12 nranks 16 cudaDev 4 nvmlDev 4 busId 97000 commId 0xc9fb4671223ec1ba - Init COMPLETE
[1,12]<stdout>:test-nccl-worker-1:29:71 [4] NCCL INFO Init timings: rank 12 nranks 16 total 3.27 (kernels 0.25, bootstrap 2.30, allgathers 0.02, topo 0.54, graphs 0.01, connections 0.16, rest 0.00)
[1,8]<stdout>:test-nccl-worker-1:25:69 [0] NCCL INFO TUNER/Plugin: Failed to find ncclTunerPlugin_v3 symbol.
[1,8]<stdout>:test-nccl-worker-1:25:69 [0] NCCL INFO TUNER/Plugin: Failed to find ncclTunerPlugin_v2 symbol, using internal tuner instead.
[1,8]<stdout>:test-nccl-worker-1:25:69 [0] NCCL INFO ncclCommInitRank comm 0x5624c3a26200 rank 8 nranks 16 cudaDev 0 nvmlDev 0 busId 53000 commId 0xc9fb4671223ec1ba - Init COMPLETE
[1,8]<stdout>:test-nccl-worker-1:25:69 [0] NCCL INFO Init timings: rank 8 nranks 16 total 3.27 (kernels 0.25, bootstrap 2.30, allgathers 0.02, topo 0.54, graphs 0.01, connections 0.16, rest 0.00)
[1,13]<stdout>:test-nccl-worker-1:31:72 [5] NCCL INFO TUNER/Plugin: Failed to find ncclTunerPlugin_v3 symbol.
[1,13]<stdout>:test-nccl-worker-1:31:72 [5] NCCL INFO TUNER/Plugin: Failed to find ncclTunerPlugin_v2 symbol, using internal tuner instead.
[1,13]<stdout>:test-nccl-worker-1:31:72 [5] NCCL INFO ncclCommInitRank comm 0x55e083a8c860 rank 13 nranks 16 cudaDev 5 nvmlDev 5 busId a8000 commId 0xc9fb4671223ec1ba - Init COMPLETE
[1,13]<stdout>:test-nccl-worker-1:31:72 [5] NCCL INFO Init timings: rank 13 nranks 16 total 3.27 (kernels 0.26, bootstrap 2.28, allgathers 0.02, topo 0.54, graphs 0.01, connections 0.16, rest 0.00)
[1,14]<stdout>:test-nccl-worker-1:33:65 [6] NCCL INFO TUNER/Plugin: Failed to find ncclTunerPlugin_v3 symbol.
[1,14]<stdout>:test-nccl-worker-1:33:65 [6] NCCL INFO TUNER/Plugin: Failed to find ncclTunerPlugin_v2 symbol, using internal tuner instead.
[1,14]<stdout>:test-nccl-worker-1:33:65 [6] NCCL INFO ncclCommInitRank comm 0x558156baca60 rank 14 nranks 16 cudaDev 6 nvmlDev 6 busId b9000 commId 0xc9fb4671223ec1ba - Init COMPLETE
[1,14]<stdout>:test-nccl-worker-1:33:65 [6] NCCL INFO Init timings: rank 14 nranks 16 total 3.29 (kernels 0.24, bootstrap 2.33, allgathers 0.02, topo 0.54, graphs 0.01, connections 0.16, rest 0.00)
[1,9]<stdout>:test-nccl-worker-1:26:70 [1] NCCL INFO TUNER/Plugin: Failed to find ncclTunerPlugin_v3 symbol.
[1,9]<stdout>:test-nccl-worker-1:26:70 [1] NCCL INFO TUNER/Plugin: Failed to find ncclTunerPlugin_v2 symbol, using internal tuner instead.
[1,9]<stdout>:test-nccl-worker-1:26:70 [1] NCCL INFO ncclCommInitRank comm 0x55821e6107f0 rank 9 nranks 16 cudaDev 1 nvmlDev 1 busId 64000 commId 0xc9fb4671223ec1ba - Init COMPLETE
[1,9]<stdout>:test-nccl-worker-1:26:70 [1] NCCL INFO Init timings: rank 9 nranks 16 total 3.27 (kernels 0.25, bootstrap 2.30, allgathers 0.01, topo 0.54, graphs 0.02, connections 0.16, rest 0.00)
[1,15]<stdout>:test-nccl-worker-1:36:67 [7] NCCL INFO TUNER/Plugin: Failed to find ncclTunerPlugin_v3 symbol.
[1,15]<stdout>:test-nccl-worker-1:36:67 [7] NCCL INFO TUNER/Plugin: Failed to find ncclTunerPlugin_v2 symbol, using internal tuner instead.
[1,15]<stdout>:test-nccl-worker-1:36:67 [7] NCCL INFO ncclCommInitRank comm 0x55852e5d5280 rank 15 nranks 16 cudaDev 7 nvmlDev 7 busId ca000 commId 0xc9fb4671223ec1ba - Init COMPLETE
[1,15]<stdout>:test-nccl-worker-1:36:67 [7] NCCL INFO Init timings: rank 15 nranks 16 total 3.29 (kernels 0.24, bootstrap 2.32, allgathers 0.01, topo 0.54, graphs 0.01, connections 0.16, rest 0.00)
[1,5]<stdout>:test-nccl-worker-0:31:72 [5] NCCL INFO threadThresholds 8/8/64 | 128/8/64 | 512 | 512
[1,5]<stdout>:test-nccl-worker-0:31:72 [5] NCCL INFO 16 coll channels, 16 collnet channels, 16 nvls channels, 16 p2p channels, 2 p2p channels per peer
[1,4]<stdout>:test-nccl-worker-0:29:73 [4] NCCL INFO threadThresholds 8/8/64 | 128/8/64 | 512 | 512
[1,4]<stdout>:test-nccl-worker-0:29:73 [4] NCCL INFO 16 coll channels, 16 collnet channels, 16 nvls channels, 16 p2p channels, 2 p2p channels per peer
[1,7]<stdout>:test-nccl-worker-0:37:68 [7] NCCL INFO threadThresholds 8/8/64 | 128/8/64 | 512 | 512
[1,7]<stdout>:test-nccl-worker-0:37:68 [7] NCCL INFO 16 coll channels, 16 collnet channels, 16 nvls channels, 16 p2p channels, 2 p2p channels per peer
[1,4]<stdout>:test-nccl-worker-0:29:73 [4] NCCL INFO TUNER/Plugin: Failed to find ncclTunerPlugin_v3 symbol.
[1,4]<stdout>:test-nccl-worker-0:29:73 [4] NCCL INFO TUNER/Plugin: Failed to find ncclTunerPlugin_v2 symbol, using internal tuner instead.
[1,4]<stdout>:test-nccl-worker-0:29:73 [4] NCCL INFO ncclCommInitRank comm 0x55994c23b910 rank 4 nranks 16 cudaDev 4 nvmlDev 4 busId 97000 commId 0xc9fb4671223ec1ba - Init COMPLETE
[1,4]<stdout>:test-nccl-worker-0:29:73 [4] NCCL INFO Init timings: rank 4 nranks 16 total 3.28 (kernels 0.26, bootstrap 2.29, allgathers 0.01, topo 0.54, graphs 0.01, connections 0.16, rest 0.00)
[1,3]<stdout>:test-nccl-worker-0:28:71 [3] NCCL INFO TUNER/Plugin: Failed to find ncclTunerPlugin_v3 symbol.
[1,3]<stdout>:test-nccl-worker-0:28:71 [3] NCCL INFO TUNER/Plugin: Failed to find ncclTunerPlugin_v2 symbol, using internal tuner instead.
[1,3]<stdout>:test-nccl-worker-0:28:71 [3] NCCL INFO ncclCommInitRank comm 0x5569ccf9c300 rank 3 nranks 16 cudaDev 3 nvmlDev 3 busId 86000 commId 0xc9fb4671223ec1ba - Init COMPLETE
[1,3]<stdout>:test-nccl-worker-0:28:71 [3] NCCL INFO Init timings: rank 3 nranks 16 total 3.29 (kernels 0.26, bootstrap 2.29, allgathers 0.02, topo 0.54, graphs 0.01, connections 0.16, rest 0.01)
[1,1]<stdout>:test-nccl-worker-0:26:69 [1] NCCL INFO TUNER/Plugin: Failed to find ncclTunerPlugin_v3 symbol.
[1,1]<stdout>:test-nccl-worker-0:26:69 [1] NCCL INFO TUNER/Plugin: Failed to find ncclTunerPlugin_v2 symbol, using internal tuner instead.
[1,1]<stdout>:test-nccl-worker-0:26:69 [1] NCCL INFO ncclCommInitRank comm 0x55f362826810 rank 1 nranks 16 cudaDev 1 nvmlDev 1 busId 64000 commId 0xc9fb4671223ec1ba - Init COMPLETE
[1,1]<stdout>:test-nccl-worker-0:26:69 [1] NCCL INFO Init timings: rank 1 nranks 16 total 3.29 (kernels 0.26, bootstrap 2.30, allgathers 0.02, topo 0.54, graphs 0.01, connections 0.16, rest 0.01)
[1,5]<stdout>:test-nccl-worker-0:31:72 [5] NCCL INFO TUNER/Plugin: Failed to find ncclTunerPlugin_v3 symbol.
[1,5]<stdout>:test-nccl-worker-0:31:72 [5] NCCL INFO TUNER/Plugin: Failed to find ncclTunerPlugin_v2 symbol, using internal tuner instead.
[1,5]<stdout>:test-nccl-worker-0:31:72 [5] NCCL INFO ncclCommInitRank comm 0x557cf2a3e760 rank 5 nranks 16 cudaDev 5 nvmlDev 5 busId a8000 commId 0xc9fb4671223ec1ba - Init COMPLETE
[1,5]<stdout>:test-nccl-worker-0:31:72 [5] NCCL INFO Init timings: rank 5 nranks 16 total 3.29 (kernels 0.27, bootstrap 2.29, allgathers 0.01, topo 0.54, graphs 0.01, connections 0.16, rest 0.00)
[1,6]<stdout>:test-nccl-worker-0:33:67 [6] NCCL INFO TUNER/Plugin: Failed to find ncclTunerPlugin_v3 symbol.
[1,6]<stdout>:test-nccl-worker-0:33:67 [6] NCCL INFO TUNER/Plugin: Failed to find ncclTunerPlugin_v2 symbol, using internal tuner instead.
[1,6]<stdout>:test-nccl-worker-0:33:67 [6] NCCL INFO ncclCommInitRank comm 0x55e958db5920 rank 6 nranks 16 cudaDev 6 nvmlDev 6 busId b9000 commId 0xc9fb4671223ec1ba - Init COMPLETE
[1,6]<stdout>:test-nccl-worker-0:33:67 [6] NCCL INFO Init timings: rank 6 nranks 16 total 3.30 (kernels 0.26, bootstrap 2.31, allgathers 0.01, topo 0.54, graphs 0.02, connections 0.16, rest 0.00)
[1,7]<stdout>:test-nccl-worker-0:37:68 [7] NCCL INFO TUNER/Plugin: Failed to find ncclTunerPlugin_v3 symbol.
[1,7]<stdout>:test-nccl-worker-0:37:68 [7] NCCL INFO TUNER/Plugin: Failed to find ncclTunerPlugin_v2 symbol, using internal tuner instead.
[1,7]<stdout>:test-nccl-worker-0:37:68 [7] NCCL INFO ncclCommInitRank comm 0x55bb2c5961d0 rank 7 nranks 16 cudaDev 7 nvmlDev 7 busId ca000 commId 0xc9fb4671223ec1ba - Init COMPLETE
[1,7]<stdout>:test-nccl-worker-0:37:68 [7] NCCL INFO Init timings: rank 7 nranks 16 total 3.30 (kernels 0.25, bootstrap 2.32, allgathers 0.00, topo 0.54, graphs 0.02, connections 0.16, rest 0.00)
[1,2]<stdout>:test-nccl-worker-0:27:70 [2] NCCL INFO TUNER/Plugin: Failed to find ncclTunerPlugin_v3 symbol.
[1,2]<stdout>:test-nccl-worker-0:27:70 [2] NCCL INFO TUNER/Plugin: Failed to find ncclTunerPlugin_v2 symbol, using internal tuner instead.
[1,2]<stdout>:test-nccl-worker-0:27:70 [2] NCCL INFO ncclCommInitRank comm 0x563b5b5a5960 rank 2 nranks 16 cudaDev 2 nvmlDev 2 busId 75000 commId 0xc9fb4671223ec1ba - Init COMPLETE
[1,2]<stdout>:test-nccl-worker-0:27:70 [2] NCCL INFO Init timings: rank 2 nranks 16 total 3.29 (kernels 0.27, bootstrap 2.29, allgathers 0.01, topo 0.54, graphs 0.01, connections 0.16, rest 0.01)
[1,0]<stdout>:test-nccl-worker-0:25:66 [0] NCCL INFO TUNER/Plugin: Failed to find ncclTunerPlugin_v3 symbol.
[1,0]<stdout>:test-nccl-worker-0:25:66 [0] NCCL INFO TUNER/Plugin: Failed to find ncclTunerPlugin_v2 symbol, using internal tuner instead.
[1,0]<stdout>:test-nccl-worker-0:25:66 [0] NCCL INFO ncclCommInitRank comm 0x5646b26cb7a0 rank 0 nranks 16 cudaDev 0 nvmlDev 0 busId 53000 commId 0xc9fb4671223ec1ba - Init COMPLETE
[1,0]<stdout>:test-nccl-worker-0:25:66 [0] NCCL INFO Init timings: rank 0 nranks 16 total 3.41 (kernels 0.23, bootstrap 2.45, allgathers 0.02, topo 0.54, graphs 0.01, connections 0.16, rest 0.00)
[1,0]<stdout>:#
[1,8]<stdout>:test-nccl-worker-1:25:89 [0] NCCL INFO NVLS comm 0x5624c3a26200 headRank 0 nHeads 8 buffSize 4194304 nvlsPerRankSize 134217728 nvlsTotalSize 1073741824
[1,0]<stdout>:test-nccl-worker-0:25:91 [0] NCCL INFO NVLS comm 0x5646b26cb7a0 headRank 0 nHeads 8 buffSize 4194304 nvlsPerRankSize 134217728 nvlsTotalSize 1073741824
[1,13]<stdout>:test-nccl-worker-1:31:90 [5] NCCL INFO NVLS comm 0x55e083a8c860 headRank 5 nHeads 8 buffSize 4194304 nvlsPerRankSize 134217728 nvlsTotalSize 1073741824
[1,14]<stdout>:test-nccl-worker-1:33:94 [6] NCCL INFO NVLS comm 0x558156baca60 headRank 6 nHeads 8 buffSize 4194304 nvlsPerRankSize 134217728 nvlsTotalSize 1073741824
[1,2]<stdout>:test-nccl-worker-0:27:90 [2] NCCL INFO NVLS comm 0x563b5b5a5960 headRank 2 nHeads 8 buffSize 4194304 nvlsPerRankSize 134217728 nvlsTotalSize 1073741824
[1,10]<stdout>:test-nccl-worker-1:27:95 [2] NCCL INFO NVLS comm 0x55a78f3b29b0 headRank 2 nHeads 8 buffSize 4194304 nvlsPerRankSize 134217728 nvlsTotalSize 1073741824
[1,5]<stdout>:test-nccl-worker-0:31:92 [5] NCCL INFO NVLS comm 0x557cf2a3e760 headRank 5 nHeads 8 buffSize 4194304 nvlsPerRankSize 134217728 nvlsTotalSize 1073741824
[1,12]<stdout>:test-nccl-worker-1:29:92 [4] NCCL INFO NVLS comm 0x55f7ee9b4140 headRank 4 nHeads 8 buffSize 4194304 nvlsPerRankSize 134217728 nvlsTotalSize 1073741824
[1,4]<stdout>:test-nccl-worker-0:29:97 [4] NCCL INFO NVLS comm 0x55994c23b910 headRank 4 nHeads 8 buffSize 4194304 nvlsPerRankSize 134217728 nvlsTotalSize 1073741824
[1,9]<stdout>:test-nccl-worker-1:26:93 [1] NCCL INFO NVLS comm 0x55821e6107f0 headRank 1 nHeads 8 buffSize 4194304 nvlsPerRankSize 134217728 nvlsTotalSize 1073741824
[1,3]<stdout>:test-nccl-worker-0:28:93 [3] NCCL INFO NVLS comm 0x5569ccf9c300 headRank 3 nHeads 8 buffSize 4194304 nvlsPerRankSize 134217728 nvlsTotalSize 1073741824
[1,11]<stdout>:test-nccl-worker-1:28:96 [3] NCCL INFO NVLS comm 0x5608bd5c03f0 headRank 3 nHeads 8 buffSize 4194304 nvlsPerRankSize 134217728 nvlsTotalSize 1073741824
[1,1]<stdout>:test-nccl-worker-0:26:94 [1] NCCL INFO NVLS comm 0x55f362826810 headRank 1 nHeads 8 buffSize 4194304 nvlsPerRankSize 134217728 nvlsTotalSize 1073741824
[1,6]<stdout>:test-nccl-worker-0:33:95 [6] NCCL INFO NVLS comm 0x55e958db5920 headRank 6 nHeads 8 buffSize 4194304 nvlsPerRankSize 134217728 nvlsTotalSize 1073741824
[1,15]<stdout>:test-nccl-worker-1:36:91 [7] NCCL INFO NVLS comm 0x55852e5d5280 headRank 7 nHeads 8 buffSize 4194304 nvlsPerRankSize 134217728 nvlsTotalSize 1073741824
[1,7]<stdout>:test-nccl-worker-0:37:96 [7] NCCL INFO NVLS comm 0x55bb2c5961d0 headRank 7 nHeads 8 buffSize 4194304 nvlsPerRankSize 134217728 nvlsTotalSize 1073741824
[1,14]<stdout>:test-nccl-worker-1:33:94 [6] NCCL INFO NCCL_NET_FORCE_FLUSH set by environment to 0.
[1,12]<stdout>:test-nccl-worker-1:29:92 [4] NCCL INFO NCCL_NET_FORCE_FLUSH set by environment to 0.
[1,15]<stdout>:test-nccl-worker-1:36:91 [7] NCCL INFO NCCL_NET_FORCE_FLUSH set by environment to 0.
[1,10]<stdout>:test-nccl-worker-1:27:95 [2] NCCL INFO NCCL_NET_FORCE_FLUSH set by environment to 0.
[1,8]<stdout>:test-nccl-worker-1:25:89 [0] NCCL INFO NCCL_NET_FORCE_FLUSH set by environment to 0.
[1,11]<stdout>:test-nccl-worker-1:28:96 [3] NCCL INFO NCCL_NET_FORCE_FLUSH set by environment to 0.
[1,9]<stdout>:test-nccl-worker-1:26:93 [1] NCCL INFO NCCL_NET_FORCE_FLUSH set by environment to 0.
[1,13]<stdout>:test-nccl-worker-1:31:90 [5] NCCL INFO NCCL_NET_FORCE_FLUSH set by environment to 0.
